Archive member included to satisfy reference by file (symbol)

third_party/psyq/lib\libapi.a(pad.o)
                              main.o (InitPAD)
third_party/psyq/lib\libapi.a(patch.o)
                              third_party/psyq/lib\libapi.a(pad.o) (_patch_pad)
third_party/psyq/lib\libapi.a(a18.o)
                              third_party/psyq/lib\libapi.a(pad.o) (InitPAD2)
third_party/psyq/lib\libapi.a(a19.o)
                              third_party/psyq/lib\libapi.a(pad.o) (StartPAD2)
third_party/psyq/lib\libapi.a(a21.o)
                              third_party/psyq/lib\libapi.a(pad.o) (PAD_init2)
third_party/psyq/lib\libapi.a(a36.o)
                              third_party/psyq/lib\libapi.a(pad.o) (EnterCriticalSection)
third_party/psyq/lib\libapi.a(a37.o)
                              third_party/psyq/lib\libapi.a(pad.o) (ExitCriticalSection)
third_party/psyq/lib\libapi.a(a91.o)
                              third_party/psyq/lib\libapi.a(pad.o) (ChangeClearPAD)
third_party/psyq/lib\libapi.a(c68.o)
                              third_party/psyq/lib\libapi.a(patch.o) (FlushCache)
third_party/psyq/lib\libapi.a(chclrpad.o)
                              third_party/psyq/lib\libapi.a(pad.o) (_remove_ChgclrPAD)
third_party/psyq/lib\libapi.a(l02.o)
                              third_party/psyq/lib\libapi.a(pad.o) (SysEnqIntRP)
third_party/psyq/lib\libapi.a(l03.o)
                              third_party/psyq/lib\libapi.a(pad.o) (SysDeqIntRP)
third_party/psyq/lib\libc.a(c47.o)
                              main.o (rand)
third_party/psyq/lib\libc.a(sprintf.o)
                              main.o (sprintf)
third_party/psyq/lib\libc.a(c27.o)
                              third_party/psyq/lib\libc.a(sprintf.o) (strlen)
third_party/psyq/lib\libc.a(c46.o)
                              third_party/psyq/lib\libc.a(sprintf.o) (memchr)
third_party/psyq/lib\libc.a(memmove.o)
                              third_party/psyq/lib\libc.a(sprintf.o) (memmove)
third_party/psyq/lib\libetc.a(vmode.o)
                              main.o (SetVideoMode)
third_party/psyq/lib\libetc.a(vsync.o)
                              main.o (VSync)
third_party/psyq/lib\libetc.a(intr_vb.o)
                              third_party/psyq/lib\libetc.a(vsync.o) (Vcount)
third_party/psyq/lib\libetc.a(intr.o)
                              third_party/psyq/lib\libetc.a(intr_vb.o) (InterruptCallback)
third_party/psyq/lib\libetc.a(intr_dma.o)
                              third_party/psyq/lib\libetc.a(intr.o) (startIntrDMA)
third_party/psyq/lib\libgpu.a(font.o)
                              main.o (FntFlush)
third_party/psyq/lib\libgpu.a(p06.o)
                              third_party/psyq/lib\libgpu.a(font.o) (AddPrim)
third_party/psyq/lib\libgpu.a(p09.o)
                              third_party/psyq/lib\libgpu.a(font.o) (TermPrim)
third_party/psyq/lib\libgpu.a(p10.o)
                              third_party/psyq/lib\libgpu.a(font.o) (SetSemiTrans)
third_party/psyq/lib\libgpu.a(p20.o)
                              third_party/psyq/lib\libgpu.a(font.o) (SetSprt8)
third_party/psyq/lib\libgpu.a(p26.o)
                              third_party/psyq/lib\libgpu.a(font.o) (SetTile)
third_party/psyq/lib\libgpu.a(p41.o)
                              third_party/psyq/lib\libgpu.a(font.o) (SetDrawMode)
third_party/psyq/lib\libgpu.a(sys.o)
                              main.o (ResetGraph)
third_party/psyq/lib\libgpu.a(e00.o)
                              third_party/psyq/lib\libgpu.a(font.o) (LoadTPage)
third_party/psyq/lib\libgpu.a(e02.o)
                              third_party/psyq/lib\libgpu.a(font.o) (LoadClut2)
third_party/psyq/lib\libgpu.a(p00.o)
                              third_party/psyq/lib\libgpu.a(e00.o) (GetTPage)
third_party/psyq/lib\libgpu.a(p01.o)
                              third_party/psyq/lib\libgpu.a(e02.o) (GetClut)
third_party/psyq/lib\libgs.a(gs_001.o)
                              main.o (GsInitGraph)
third_party/psyq/lib\libgs.a(gs_0022.o)
                              third_party/psyq/lib\libgs.a(gs_001.o) (GsSetDrawBuffOffset)
third_party/psyq/lib\libgs.a(gs_003.o)
                              third_party/psyq/lib\libgs.a(gs_001.o) (GsSetDrawBuffClip)
third_party/psyq/lib\libgs.a(gs_010.o)
                              main.o (GsSwapDispBuff)
third_party/psyq/lib\libgs.a(gs_103.o)
                              main.o (GsDefDispBuff)
third_party/psyq/lib\libgs.a(gs_104.o)
                              third_party/psyq/lib\libgs.a(gs_001.o) (HWD0)
third_party/psyq/lib\libgs.a(gs_107.o)
                              third_party/psyq/lib\libgs.a(gs_001.o) (GsLIGHTWSMATRIX)
third_party/psyq/lib\libgs.a(gs_111.o)
                              main.o (GsDrawOt)
third_party/psyq/lib\libgs.a(gs_113.o)
                              main.o (GsClearOt)
third_party/psyq/lib\libgs.a(gs_121.o)
                              third_party/psyq/lib\libgs.a(gs_001.o) (gte_init)
third_party/psyq/lib\libgs.a(gs_128.o)
                              third_party/psyq/lib\libgs.a(gs_001.o) (GsIDMATRIX)
third_party/psyq/lib\libgte.a(msc00.o)
                              third_party/psyq/lib\libgs.a(gs_121.o) (InitGeom)
third_party/psyq/lib\libgte.a(msc01.o)
                              third_party/psyq/lib\libgs.a(gs_107.o) (SquareRoot0)
third_party/psyq/lib\libgte.a(mtx_11.o)
                              third_party/psyq/lib\libgs.a(gs_107.o) (SetColorMatrix)
third_party/psyq/lib\libgte.a(patchgte.o)
                              third_party/psyq/lib\libgte.a(msc00.o) (_patch_gte)
third_party/psyq/lib\libgte.a(reg11.o)
                              third_party/psyq/lib\libgs.a(gs_121.o) (SetFarColor)
third_party/psyq/lib\libgte.a(reg12.o)
                              third_party/psyq/lib\libgs.a(gs_0022.o) (SetGeomOffset)
third_party/psyq/lib\libgte.a(sqrtbl.o)
                              third_party/psyq/lib\libgte.a(msc01.o) (SQRT)
third_party/psyq/lib\libapi.a(a23.o)
                              third_party/psyq/lib\libetc.a(intr.o) (ReturnFromException)
third_party/psyq/lib\libapi.a(a24.o)
                              third_party/psyq/lib\libetc.a(intr.o) (ResetEntryInt)
third_party/psyq/lib\libapi.a(a25.o)
                              third_party/psyq/lib\libetc.a(intr.o) (HookEntryInt)
third_party/psyq/lib\libapi.a(c114.o)
                              third_party/psyq/lib\libetc.a(intr.o) (_96_remove)
third_party/psyq/lib\libapi.a(c73.o)
                              third_party/psyq/lib\libgpu.a(sys.o) (GPU_cw)
third_party/psyq/lib\libapi.a(l10.o)
                              third_party/psyq/lib\libetc.a(vsync.o) (ChangeClearRCnt)
third_party/psyq/lib\libc.a(a63.o)
                              third_party/psyq/lib\libetc.a(vsync.o) (puts)
third_party/psyq/lib\libc.a(c19.o)
                              third_party/psyq/lib\libetc.a(intr.o) (setjmp)
third_party/psyq/lib\libc.a(c42.o)
                              third_party/psyq/lib\libgpu.a(sys.o) (memcpy)
third_party/psyq/lib\libc.a(c43.o)
                              third_party/psyq/lib\libgpu.a(font.o) (memset)
third_party/psyq/lib\libc.a(c63.o)
                              third_party/psyq/lib\libetc.a(intr.o) (printf)

Discarded input sections

 .text          0x00000000        0x0 third_party/nugget/common/crt0/crt0.o
 .bss           0x00000000        0x0 third_party/nugget/common/crt0/crt0.o
 .MIPS.abiflags
                0x00000000       0x18 third_party/nugget/common/crt0/crt0.o
 .text          0x00000000        0x0 main.o
 .bss           0x00000000        0x0 main.o
 .reginfo       0x00000000       0x18 main.o
 .MIPS.abiflags
                0x00000000       0x18 main.o
 .pdr           0x00000000      0x160 main.o
 .bss.GPUPacketArea
                0x00000000       0x24 main.o
 .text          0x00000000       0x80 third_party/psyq/lib\libgs.a(gs_104.o)
 .text          0x00000000      0x570 third_party/psyq/lib\libgs.a(gs_107.o)
 .text          0x00000000       0x90 third_party/psyq/lib\libgte.a(msc01.o)
 .text          0x00000000       0x30 third_party/psyq/lib\libgte.a(mtx_11.o)

Memory Configuration

Name             Origin             Length             Attributes
loader           0x8000f800         0x00000800
ram              0x80010000         0x001f0000         xrw
dcache           0x1f800000         0x00000400
*default*        0x00000000         0xffffffff

Linker script and memory map

LOAD third_party/nugget/common/crt0/crt0.o
LOAD main.o
START GROUP
LOAD third_party/psyq/lib\libapi.a
LOAD third_party/psyq/lib\libc.a
LOAD third_party/psyq/lib\libc2.a
LOAD third_party/psyq/lib\libcard.a
LOAD third_party/psyq/lib\libcd.a
LOAD third_party/psyq/lib\libcomb.a
LOAD third_party/psyq/lib\libds.a
LOAD third_party/psyq/lib\libetc.a
LOAD third_party/psyq/lib\libgpu.a
LOAD third_party/psyq/lib\libgs.a
LOAD third_party/psyq/lib\libgte.a
LOAD third_party/psyq/lib\libgun.a
LOAD third_party/psyq/lib\libhmd.a
LOAD third_party/psyq/lib\libmath.a
LOAD third_party/psyq/lib\libmcrd.a
LOAD third_party/psyq/lib\libmcx.a
LOAD third_party/psyq/lib\libpad.a
LOAD third_party/psyq/lib\libpress.a
LOAD third_party/psyq/lib\libsio.a
LOAD third_party/psyq/lib\libsnd.a
LOAD third_party/psyq/lib\libspu.a
LOAD third_party/psyq/lib\libtap.a
END GROUP
                0x8001f710                        __heap_base = __bss_end
                0x80010000                        TLOAD_ADDR = DEFINED (TLOAD_ADDR)?TLOAD_ADDR:0x80010000
                0x80200000                        __ram_top = (ORIGIN (ram) + LENGTH (ram))
                0x801fff00                        __sp = (__ram_top - 0x100)
                0x1f800000                        __dcache = ORIGIN (dcache)
                0x1f800400                        __dcache_top = (ORIGIN (dcache) + LENGTH (dcache))
                0x00005f10                        __bss_len = (__bss_end - __bss_start)
                0x000071e0                        __ftext_len = (__ftext_end - __ftext_start)
                0x00002620                        __fdata_len = (__fdata_end - __fdata_start)
                0x80200000                        __stack_start = (ORIGIN (ram) + LENGTH (ram))

.PSX_EXE_Header
                0x8000f800      0x800
                0x8000f800        0x1 BYTE 0x50
                0x8000f801        0x1 BYTE 0x53
                0x8000f802        0x1 BYTE 0x2d
                0x8000f803        0x1 BYTE 0x58
                0x8000f804        0x1 BYTE 0x20
                0x8000f805        0x1 BYTE 0x45
                0x8000f806        0x1 BYTE 0x58
                0x8000f807        0x1 BYTE 0x45
                0x8000f808        0x4 LONG 0x0
                0x8000f80c        0x4 LONG 0x0
                0x8000f810        0x4 LONG 0x80010000 ABSOLUTE (_start)
                0x8000f814        0x4 LONG 0x0
                0x8000f818        0x4 LONG 0x80010000 TLOAD_ADDR
                0x8000f81c        0x4 LONG 0x9800 (__ftext_len + __fdata_len)
                0x8000f820        0x4 LONG 0x0
                0x8000f824        0x4 LONG 0x0
                0x8000f828        0x4 LONG 0x0
                0x8000f82c        0x4 LONG 0x0
                0x8000f830        0x4 LONG 0x801fff00 DEFINED (_sp)?ABSOLUTE (_sp):0x801fff00
                0x8000f834        0x4 LONG 0x0
                0x80010000                        . = (. + 0x7c8)
 *fill*         0x8000f838      0x7c8 
                0x80010000                        __ftext_start = ABSOLUTE (.)

.text           0x80010000     0x71e0
 *(.start)
 .start         0x80010000       0x64 third_party/nugget/common/crt0/crt0.o
                0x80010000                _start
 *(.init)
 *(SORT_NONE(.fini))
 *(.text.unlikely .text.*_unlikely .text.unlikely.*)
 *(.text.exit .text.exit.*)
 *(.text.startup .text.startup.*)
 *(.text.hot .text.hot.*)
 *(.text .stub .text.* .gnu.linkonce.t.*)
 .text.get_rand_dir
                0x80010064       0x48 main.o
                0x80010064                get_rand_dir
 .text.move_enemies
                0x800100ac      0x3d8 main.o
                0x800100ac                move_enemies
 .text.render_bg
                0x80010484       0x68 main.o
                0x80010484                render_bg
 .text.generate_random_pos
                0x800104ec       0x9c main.o
                0x800104ec                generate_random_pos
 .text.render_goal_square
                0x80010588      0x1a8 main.o
                0x80010588                render_goal_square
 .text.render_blue_square
                0x80010730       0x98 main.o
                0x80010730                render_blue_square
 .text.render_enemies
                0x800107c8      0x210 main.o
                0x800107c8                render_enemies
 .text.main     0x800109d8      0x2b0 main.o
                0x800109d8                main
 .text.graphics
                0x80010c88      0x104 main.o
                0x80010c88                graphics
 .text.display  0x80010d8c      0x128 main.o
                0x80010d8c                display
 .text.game_info
                0x80010eb4       0xcc main.o
                0x80010eb4                game_info
 .text          0x80010f80      0x290 third_party/psyq/lib\libapi.a(pad.o)
                0x80010f80                SetInitPadFlag
                0x80010f8c                ReadInitPadFlag
                0x80010f9c                PAD_init
                0x8001102c                InitPAD
                0x800110bc                StartPAD
 .text          0x80011210       0xa0 third_party/psyq/lib\libapi.a(patch.o)
                0x80011210                EnablePAD
                0x80011224                DisablePAD
                0x80011238                _patch_pad
 .text          0x800112b0       0x10 third_party/psyq/lib\libapi.a(a18.o)
                0x800112b0                InitPAD2
 .text          0x800112c0       0x10 third_party/psyq/lib\libapi.a(a19.o)
                0x800112c0                StartPAD2
 .text          0x800112d0       0x10 third_party/psyq/lib\libapi.a(a21.o)
                0x800112d0                PAD_init2
 .text          0x800112e0       0x10 third_party/psyq/lib\libapi.a(a36.o)
                0x800112e0                EnterCriticalSection
 .text          0x800112f0       0x10 third_party/psyq/lib\libapi.a(a37.o)
                0x800112f0                ExitCriticalSection
 .text          0x80011300       0x10 third_party/psyq/lib\libapi.a(a91.o)
                0x80011300                ChangeClearPAD
 .text          0x80011310       0x10 third_party/psyq/lib\libapi.a(c68.o)
                0x80011310                FlushCache
 .text          0x80011320       0x70 third_party/psyq/lib\libapi.a(chclrpad.o)
                0x80011320                _remove_ChgclrPAD
 .text          0x80011390       0x10 third_party/psyq/lib\libapi.a(l02.o)
                0x80011390                SysEnqIntRP
 .text          0x800113a0       0x10 third_party/psyq/lib\libapi.a(l03.o)
                0x800113a0                SysDeqIntRP
 .text          0x800113b0       0x10 third_party/psyq/lib\libc.a(c47.o)
                0x800113b0                rand
 .text          0x800113c0      0x890 third_party/psyq/lib\libc.a(sprintf.o)
                0x800113c0                sprintf
 .text          0x80011c50       0x10 third_party/psyq/lib\libc.a(c27.o)
                0x80011c50                strlen
 .text          0x80011c60       0x10 third_party/psyq/lib\libc.a(c46.o)
                0x80011c60                memchr
 .text          0x80011c70       0x70 third_party/psyq/lib\libc.a(memmove.o)
                0x80011c70                memmove
 .text          0x80011ce0       0x30 third_party/psyq/lib\libetc.a(vmode.o)
                0x80011ce0                SetVideoMode
                0x80011cf4                GetVideoMode
 .text          0x80011d10      0x210 third_party/psyq/lib\libetc.a(vsync.o)
                0x80011d10                VSync
 .text          0x80011f20      0x120 third_party/psyq/lib\libetc.a(intr_vb.o)
                0x80011f20                startIntrVSync
 .text          0x80012040      0x6c0 third_party/psyq/lib\libetc.a(intr.o)
                0x80012040                ResetCallback
                0x80012070                InterruptCallback
                0x800120a0                DMACallback
                0x800120d0                VSyncCallback
                0x80012104                VSyncCallbacks
                0x80012134                StopCallback
                0x80012164                RestartCallback
                0x80012194                CheckCallback
                0x800121a4                GetIntrMask
                0x800121bc                SetIntrMask
 .text          0x80012700      0x2a0 third_party/psyq/lib\libetc.a(intr_dma.o)
                0x80012700                startIntrDMA
 .text          0x800129a0      0xa80 third_party/psyq/lib\libgpu.a(font.o)
                0x800129a0                SetDumpFnt
                0x800129e0                FntLoad
                0x80012a80                FntOpen
                0x80012d3c                FntFlush
                0x80013058                FntPrint
 .text          0x80013420       0x40 third_party/psyq/lib\libgpu.a(p06.o)
                0x80013420                AddPrim
 .text          0x80013460       0x20 third_party/psyq/lib\libgpu.a(p09.o)
                0x80013460                TermPrim
 .text          0x80013480       0x30 third_party/psyq/lib\libgpu.a(p10.o)
                0x80013480                SetSemiTrans
 .text          0x800134b0       0x20 third_party/psyq/lib\libgpu.a(p20.o)
                0x800134b0                SetSprt8
 .text          0x800134d0       0x20 third_party/psyq/lib\libgpu.a(p26.o)
                0x800134d0                SetTile
 .text          0x800134f0       0xa0 third_party/psyq/lib\libgpu.a(p41.o)
                0x800134f0                SetDrawMode
 .text          0x80013590     0x2f00 third_party/psyq/lib\libgpu.a(sys.o)
                0x80013590                ResetGraph
                0x80013704                SetGraphDebug
                0x80013760                SetGraphQueue
                0x80013804                GetGraphDebug
                0x80013814                DrawSyncCallback
                0x80013874                SetDispMask
                0x8001390c                DrawSync
                0x80013a90                ClearImage
                0x80013b20                ClearImage2
                0x80013bb8                LoadImage
                0x80013c18                StoreImage
                0x80013c78                MoveImage
                0x80013d30                ClearOTag
                0x80013df8                ClearOTagR
                0x80013ea4                DrawPrim
                0x80013f00                DrawOTag
                0x80013f70                PutDrawEnv
                0x80014030                DrawOTagEnv
                0x80014108                GetDrawEnv
                0x8001413c                PutDispEnv
                0x80014634                GetDispEnv
                0x80014668                GetODE
                0x80014698                SetDrawArea
                0x80014718                SetDrawOffset
                0x80014758                SetDrawEnv
                0x80016028                LoadImage2
                0x80016114                StoreImage2
                0x80016200                MoveImage2
                0x80016344                DrawOTag2
                0x80016440                _GPU_ResetCallback
 .text          0x80016490       0xf0 third_party/psyq/lib\libgpu.a(e00.o)
                0x80016490                LoadTPage
 .text          0x80016580       0x70 third_party/psyq/lib\libgpu.a(e02.o)
                0x80016580                LoadClut2
 .text          0x800165f0       0x40 third_party/psyq/lib\libgpu.a(p00.o)
                0x800165f0                GetTPage
 .text          0x80016630       0x20 third_party/psyq/lib\libgpu.a(p01.o)
                0x80016630                GetClut
 .text          0x80016650      0x550 third_party/psyq/lib\libgs.a(gs_001.o)
                0x80016650                GsInitGraph
                0x800167e0                GsInitGraph2
                0x80016a68                GsSortClear
 .text          0x80016ba0      0x110 third_party/psyq/lib\libgs.a(gs_0022.o)
                0x80016ba0                GsSetDrawBuffOffset
 .text          0x80016cb0       0x80 third_party/psyq/lib\libgs.a(gs_003.o)
                0x80016cb0                GsSetDrawBuffClip
 .text          0x80016d30       0xb0 third_party/psyq/lib\libgs.a(gs_010.o)
                0x80016d30                GsSwapDispBuff
 .text          0x80016de0       0xa0 third_party/psyq/lib\libgs.a(gs_103.o)
                0x80016de0                GsDefDispBuff
 .text          0x80016e80       0x30 third_party/psyq/lib\libgs.a(gs_111.o)
                0x80016e80                GsDrawOt
 .text          0x80016eb0       0x60 third_party/psyq/lib\libgs.a(gs_113.o)
                0x80016eb0                GsClearOt
 .text          0x80016f10       0x50 third_party/psyq/lib\libgs.a(gs_121.o)
                0x80016f10                gte_init
 .text          0x80016f60       0x90 third_party/psyq/lib\libgte.a(msc00.o)
                0x80016f68                InitGeom
 .text          0x80016ff0       0xe0 third_party/psyq/lib\libgte.a(patchgte.o)
                0x80016ff0                _patch_gte
 .text          0x800170d0       0x20 third_party/psyq/lib\libgte.a(reg11.o)
                0x800170d0                SetFarColor
 .text          0x800170f0       0x20 third_party/psyq/lib\libgte.a(reg12.o)
                0x800170f0                SetGeomOffset
 .text          0x80017110       0x10 third_party/psyq/lib\libapi.a(a23.o)
                0x80017110                ReturnFromException
 .text          0x80017120       0x10 third_party/psyq/lib\libapi.a(a24.o)
                0x80017120                ResetEntryInt
 .text          0x80017130       0x10 third_party/psyq/lib\libapi.a(a25.o)
                0x80017130                HookEntryInt
 .text          0x80017140       0x20 third_party/psyq/lib\libapi.a(c114.o)
                0x80017148                _96_remove
 .text          0x80017160       0x10 third_party/psyq/lib\libapi.a(c73.o)
                0x80017160                GPU_cw
 .text          0x80017170       0x10 third_party/psyq/lib\libapi.a(l10.o)
                0x80017170                ChangeClearRCnt
 .text          0x80017180       0x20 third_party/psyq/lib\libc.a(a63.o)
                0x80017188                puts
 .text          0x800171a0       0x10 third_party/psyq/lib\libc.a(c19.o)
                0x800171a0                setjmp
 .text          0x800171b0       0x10 third_party/psyq/lib\libc.a(c42.o)
                0x800171b0                memcpy
 .text          0x800171c0       0x10 third_party/psyq/lib\libc.a(c43.o)
                0x800171c0                memset
 .text          0x800171d0       0x10 third_party/psyq/lib\libc.a(c63.o)
                0x800171d0                printf
                0x800171e0                        . = ALIGN (0x10)
 *(.init)
                0x800171e0                        . = ALIGN (0x10)
 *(.fini)
                0x800171e0                        . = ALIGN (0x10)
                0x800171e0                        __text_end = .
                0x800171e0                        __ftext_end = ABSOLUTE (.)
                0x800171e0                        __fdata_start = ABSOLUTE (.)

.rodata         0x800171e0      0x490
 *(.rodata .rodata.* .rdata .rdata.* .gnu.linkonce.r.*)
 .rodata        0x800171e0       0x10 third_party/nugget/common/crt0/crt0.o
 .rodata        0x800171f0       0x2a main.o
 *fill*         0x8001721a        0x6 
 .rdata         0x80017220       0xe0 third_party/psyq/lib\libc.a(sprintf.o)
 .rdata         0x80017300       0x10 third_party/psyq/lib\libetc.a(vsync.o)
 .rdata         0x80017310       0x70 third_party/psyq/lib\libetc.a(intr.o)
 .rdata         0x80017380       0x30 third_party/psyq/lib\libetc.a(intr_dma.o)
 .rdata         0x800173b0       0xa0 third_party/psyq/lib\libgpu.a(font.o)
 .rdata         0x80017450      0x220 third_party/psyq/lib\libgpu.a(sys.o)
                0x80017670                        . = ALIGN (0x10)
                0x80017670                        __preinit_array_start = .
 *(.preinit_array)
                0x80017670                        __preinit_array_end = .
                0x80017670                        . = ALIGN (0x10)
                0x80017670                        __init_array_start = .
 *(SORT_BY_NAME(.init_array.*))
 *(.init_array)
                0x80017670                        . = ALIGN (0x10)
 *crtbegin.o(.ctors)
 *(EXCLUDE_FILE(*crtend.o) .ctors)
 *(SORT_BY_NAME(.ctors.*))
 *crtend.o(.ctors)
                0x80017670                        __init_array_end = .
                0x80017670                        . = ALIGN (0x10)
                0x80017670                        __fini_array_start = .
 *(.fini_array)
 *(SORT_BY_NAME(.fini_array.*))
 *crtbegin.o(.dtors)
 *(EXCLUDE_FILE(*crtend.o) .dtors)
 *(SORT_BY_NAME(.dtors.*))
 *crtend.o(.dtors)
                0x80017670                        __fini_array_end = .
                0x80017670                        __build_id = .
 *(.note.gnu.build-id)
                0x80017670                        __build_id_end = .

.rel.dyn        0x80017670        0x0
 .rel.dyn       0x80017670        0x0 third_party/psyq/lib\libgpu.a(sys.o)

.rodata1
 *(.rodata1)
                0x80017670                        __data_start = .

.data           0x80017670     0x2190
 *(.data .data.* .gnu.linkonce.d.*)
 .data          0x80017670        0x0 third_party/nugget/common/crt0/crt0.o
 .data          0x80017670        0x0 main.o
 .data.enemies_x
                0x80017670       0x28 main.o
                0x80017670                enemies_x
 .data.enemies_y
                0x80017698       0x28 main.o
                0x80017698                enemies_y
 .data          0x800176c0       0x10 third_party/psyq/lib\libapi.a(pad.o)
 .data          0x800176d0       0x10 third_party/psyq/lib\libc.a(sprintf.o)
 .data          0x800176e0       0x10 third_party/psyq/lib\libetc.a(vmode.o)
 .data          0x800176f0       0x20 third_party/psyq/lib\libetc.a(vsync.o)
                0x80017700                Hcount
 .data          0x80017710       0x30 third_party/psyq/lib\libetc.a(intr_vb.o)
                0x80017730                Vcount
 .data          0x80017740     0x1100 third_party/psyq/lib\libetc.a(intr.o)
 .data          0x80018840       0x30 third_party/psyq/lib\libetc.a(intr_dma.o)
 .data          0x80018870      0xb90 third_party/psyq/lib\libgpu.a(font.o)
                0x80018870                Font
 .data          0x80019400      0x1a0 third_party/psyq/lib\libgpu.a(sys.o)
                0x8001944c                GPU_printf
                0x80019450                GEnv
                0x80019578                _qin
                0x8001957c                _qout
 .data          0x800195a0       0x10 third_party/psyq/lib\libgs.a(gs_001.o)
 .data          0x800195b0       0x10 third_party/psyq/lib\libgte.a(msc00.o)
 .data          0x800195c0      0x180 third_party/psyq/lib\libgte.a(sqrtbl.o)
                0x800195c0                SQRT
 *(.data1)
 *(.sdata .sdata.* .gnu.linkonce.s.*)
 .sdata._ramsize
                0x80019740        0x4 main.o
                0x80019740                _ramsize
 .sdata._stacksize
                0x80019744        0x4 main.o
                0x80019744                _stacksize
 .sdata.player_deaths
                0x80019748        0x4 main.o
                0x80019748                player_deaths
 .sdata.goal_x  0x8001974c        0x4 main.o
                0x8001974c                goal_x
 .sdata.goal_y  0x80019750        0x4 main.o
                0x80019750                goal_y
 .sdata.player_x_pos
                0x80019754        0x4 main.o
                0x80019754                player_x_pos
 .sdata.player_y_pos
                0x80019758        0x4 main.o
                0x80019758                player_y_pos
 *(.sdata2 .sdata2.* .gnu.linkonce.s2.*)
 *(.got.plt)
 *(.got)
                0x80019800                        . = ALIGN (0x800)
 *fill*         0x8001975c       0xa4 50414444
                0x80019800                        __data_end = .
                0x80019800                        __fdata_end = .
                0x80019800                        __bss_start = .

.sbss           0x80019800     0x5f10
 *(.dynsbss)
 *(.sbss .sbss.* .gnu.linkonce.sb.*)
 .sbss.CurrentBuffer
                0x80019800        0x2 main.o
                0x80019800                CurrentBuffer
 *fill*         0x80019802        0x2 
 .sbss.player_score
                0x80019804        0x4 main.o
                0x80019804                player_score
 .sbss.player_high_score
                0x80019808        0x4 main.o
                0x80019808                player_high_score
 *(.scommon)
 *(.dynbss)
 *(.bss .bss.* .gnu.linkonce.b.*)
 .bss.myOT      0x8001980c       0x28 main.o
                0x8001980c                myOT
 .bss.myOT_TAG  0x80019834       0x10 main.o
                0x80019834                myOT_TAG
 .bss.padbuff   0x80019844       0x44 main.o
                0x80019844                padbuff
 .bss.enemy_dir
                0x80019888       0x28 main.o
                0x80019888                enemy_dir
 .bss.move_timer
                0x800198b0       0x28 main.o
                0x800198b0                move_timer
 .bss           0x800198d8       0x10 third_party/psyq/lib\libapi.a(pad.o)
                0x800198d8                _apiPadPatch
 .bss           0x800198e8       0x10 third_party/psyq/lib\libapi.a(patch.o)
 .bss           0x800198f8       0x10 third_party/psyq/lib\libapi.a(chclrpad.o)
 .bss           0x80019908     0x4410 third_party/psyq/lib\libgpu.a(font.o)
 .bss           0x8001dd18     0x1850 third_party/psyq/lib\libgpu.a(sys.o)
                0x8001dd68                _que
 .bss           0x8001f568       0xea third_party/psyq/lib\libgs.a(gs_001.o)
                0x8001f588                PSDIDX
                0x8001f590                GsDRAWENV
                0x8001f5f0                GsDISPENV
                0x8001f608                PSDGPU
                0x8001f610                PSDBASEX
                0x8001f618                PSDBASEY
                0x8001f620                POSITION
                0x8001f628                CLIP2
                0x8001f630                PSDCNT
                0x8001f638                PSDOFSX
                0x8001f640                PSDOFSY
                0x8001f648                GsORGOFSX
                0x8001f650                GsORGOFSY
 *fill*         0x8001f652        0x6 
 .bss           0x8001f658       0x24 third_party/psyq/lib\libgs.a(gs_104.o)
                0x8001f658                HWD0
                0x8001f660                VWD0
                0x8001f668                GsCLIP3near
                0x8001f670                GsLIGHT_MODE
                0x8001f678                GsCLIP3far
 *fill*         0x8001f67c        0x4 
 .bss           0x8001f680       0x40 third_party/psyq/lib\libgs.a(gs_107.o)
                0x8001f680                GsLIGHTWSMATRIX
                0x8001f6a0                _LC
 .bss           0x8001f6c0       0x40 third_party/psyq/lib\libgs.a(gs_128.o)
                0x8001f6c0                GsIDMATRIX
                0x8001f6e0                GsIDMATRIX2
 .bss           0x8001f700       0x10 third_party/psyq/lib\libgte.a(patchgte.o)
 *(COMMON)
                0x8001f710                        . = ALIGN (0x4)
                0x8001f710                        __bss_end = .
                0x8001f710                        __heap_start = __heap_base
                0x8000f800                        . = (ADDR (.text) - 0x800)
                0x8000f800                        __end = .

/DISCARD/
 *(.MIPS.abiflags)

/DISCARD/
 *(.rel.iplt)
 *(.rela.iplt)
 *(.rel.plt)
 *(.rela.plt)
 *(.plt)
 *(.iplt)

/DISCARD/
 *(.note.GNU-stack)
 *(.gnu_debuglink)
 *(.gnu.lto_*)

.scratchpad
 *(.scratchpad)
OUTPUT(movementkah.elf elf32-littlemips)

.reginfo        0x00000000       0x18
 .reginfo       0x00000000       0x18 third_party/nugget/common/crt0/crt0.o

.pdr            0x00000000        0x0
 .pdr           0x00000000        0x0 third_party/nugget/common/crt0/crt0.o

.gnu.attributes
                0x00000000       0x10
 .gnu.attributes
                0x00000000       0x10 third_party/nugget/common/crt0/crt0.o
 .gnu.attributes
                0x00000010       0x10 main.o

.mdebug.abi32   0x00000000        0x0
 .mdebug.abi32  0x00000000        0x0 main.o

.comment        0x00000000       0x12
 .comment       0x00000000       0x12 main.o
                                 0x13 (size before relaxing)

.note           0x00000000     0x1c8c
 .note          0x00000000       0x74 third_party/psyq/lib\libapi.a(pad.o)
 .note          0x00000074       0x74 third_party/psyq/lib\libapi.a(patch.o)
 .note          0x000000e8       0x74 third_party/psyq/lib\libapi.a(a18.o)
 .note          0x0000015c       0x74 third_party/psyq/lib\libapi.a(a19.o)
 .note          0x000001d0       0x74 third_party/psyq/lib\libapi.a(a21.o)
 .note          0x00000244       0x74 third_party/psyq/lib\libapi.a(a36.o)
 .note          0x000002b8       0x74 third_party/psyq/lib\libapi.a(a37.o)
 .note          0x0000032c       0x74 third_party/psyq/lib\libapi.a(a91.o)
 .note          0x000003a0       0x74 third_party/psyq/lib\libapi.a(c68.o)
 .note          0x00000414       0x74 third_party/psyq/lib\libapi.a(chclrpad.o)
 .note          0x00000488       0x74 third_party/psyq/lib\libapi.a(l02.o)
 .note          0x000004fc       0x74 third_party/psyq/lib\libapi.a(l03.o)
 .note          0x00000570       0x74 third_party/psyq/lib\libc.a(c47.o)
 .note          0x000005e4       0x74 third_party/psyq/lib\libc.a(sprintf.o)
 .note          0x00000658       0x74 third_party/psyq/lib\libc.a(c27.o)
 .note          0x000006cc       0x74 third_party/psyq/lib\libc.a(c46.o)
 .note          0x00000740       0x74 third_party/psyq/lib\libc.a(memmove.o)
 .note          0x000007b4       0x74 third_party/psyq/lib\libetc.a(vmode.o)
 .note          0x00000828       0x74 third_party/psyq/lib\libetc.a(vsync.o)
 .note          0x0000089c       0x74 third_party/psyq/lib\libetc.a(intr_vb.o)
 .note          0x00000910       0x74 third_party/psyq/lib\libetc.a(intr.o)
 .note          0x00000984       0x74 third_party/psyq/lib\libetc.a(intr_dma.o)
 .note          0x000009f8       0x74 third_party/psyq/lib\libgpu.a(font.o)
 .note          0x00000a6c       0x74 third_party/psyq/lib\libgpu.a(p06.o)
 .note          0x00000ae0       0x74 third_party/psyq/lib\libgpu.a(p09.o)
 .note          0x00000b54       0x74 third_party/psyq/lib\libgpu.a(p10.o)
 .note          0x00000bc8       0x74 third_party/psyq/lib\libgpu.a(p20.o)
 .note          0x00000c3c       0x74 third_party/psyq/lib\libgpu.a(p26.o)
 .note          0x00000cb0       0x74 third_party/psyq/lib\libgpu.a(p41.o)
 .note          0x00000d24       0x74 third_party/psyq/lib\libgpu.a(sys.o)
 .note          0x00000d98       0x74 third_party/psyq/lib\libgpu.a(e00.o)
 .note          0x00000e0c       0x74 third_party/psyq/lib\libgpu.a(e02.o)
 .note          0x00000e80       0x74 third_party/psyq/lib\libgpu.a(p00.o)
 .note          0x00000ef4       0x74 third_party/psyq/lib\libgpu.a(p01.o)
 .note          0x00000f68       0x74 third_party/psyq/lib\libgs.a(gs_001.o)
 .note          0x00000fdc       0x74 third_party/psyq/lib\libgs.a(gs_0022.o)
 .note          0x00001050       0x74 third_party/psyq/lib\libgs.a(gs_003.o)
 .note          0x000010c4       0x74 third_party/psyq/lib\libgs.a(gs_010.o)
 .note          0x00001138       0x74 third_party/psyq/lib\libgs.a(gs_103.o)
 .note          0x000011ac       0x74 third_party/psyq/lib\libgs.a(gs_104.o)
 .note          0x00001220       0x74 third_party/psyq/lib\libgs.a(gs_107.o)
 .note          0x00001294       0x74 third_party/psyq/lib\libgs.a(gs_111.o)
 .note          0x00001308       0x74 third_party/psyq/lib\libgs.a(gs_113.o)
 .note          0x0000137c       0x74 third_party/psyq/lib\libgs.a(gs_121.o)
 .note          0x000013f0       0x74 third_party/psyq/lib\libgs.a(gs_128.o)
 .note          0x00001464       0x74 third_party/psyq/lib\libgte.a(msc00.o)
 .note          0x000014d8       0x74 third_party/psyq/lib\libgte.a(msc01.o)
 .note          0x0000154c       0x74 third_party/psyq/lib\libgte.a(mtx_11.o)
 .note          0x000015c0       0x74 third_party/psyq/lib\libgte.a(patchgte.o)
 .note          0x00001634       0x74 third_party/psyq/lib\libgte.a(reg11.o)
 .note          0x000016a8       0x74 third_party/psyq/lib\libgte.a(reg12.o)
 .note          0x0000171c       0x74 third_party/psyq/lib\libgte.a(sqrtbl.o)
 .note          0x00001790       0x74 third_party/psyq/lib\libapi.a(a23.o)
 .note          0x00001804       0x74 third_party/psyq/lib\libapi.a(a24.o)
 .note          0x00001878       0x74 third_party/psyq/lib\libapi.a(a25.o)
 .note          0x000018ec       0x74 third_party/psyq/lib\libapi.a(c114.o)
 .note          0x00001960       0x74 third_party/psyq/lib\libapi.a(c73.o)
 .note          0x000019d4       0x74 third_party/psyq/lib\libapi.a(l10.o)
 .note          0x00001a48       0x74 third_party/psyq/lib\libc.a(a63.o)
 .note          0x00001abc       0x74 third_party/psyq/lib\libc.a(c19.o)
 .note          0x00001b30       0x74 third_party/psyq/lib\libc.a(c42.o)
 .note          0x00001ba4       0x74 third_party/psyq/lib\libc.a(c43.o)
 .note          0x00001c18       0x74 third_party/psyq/lib\libc.a(c63.o)

.debug_line     0x00000000      0x44a
 .debug_line    0x00000000       0x5b third_party/nugget/common/crt0/crt0.o
 .debug_line    0x0000005b      0x3ef main.o

.debug_line_str
                0x00000000       0x41
 .debug_line_str
                0x00000000       0x41 third_party/nugget/common/crt0/crt0.o

.debug_info     0x00000000      0x800
 .debug_info    0x00000000       0x24 third_party/nugget/common/crt0/crt0.o
 .debug_info    0x00000024      0x7dc main.o

.debug_abbrev   0x00000000      0x31b
 .debug_abbrev  0x00000000       0x14 third_party/nugget/common/crt0/crt0.o
 .debug_abbrev  0x00000014      0x307 main.o

.debug_aranges  0x00000000       0x90
 .debug_aranges
                0x00000000       0x20 third_party/nugget/common/crt0/crt0.o
 .debug_aranges
                0x00000020       0x70 main.o

.debug_str      0x00000000      0x43f
 .debug_str     0x00000000      0x43f third_party/nugget/common/crt0/crt0.o
                                 0x4d (size before relaxing)
 .debug_str     0x0000043f      0x43e main.o

.debug_rnglists
                0x00000000       0x58
 .debug_rnglists
                0x00000000       0x58 main.o

.debug_frame    0x00000000      0x140
 .debug_frame   0x00000000      0x140 main.o
